<html>
<body>
<pre>
<h1>µVision Build Log</h1>
<h2>Project:</h2>
W:\github\STM32F0_Platform\020_Software\030_Projects\010_SelfTest\ide\KEIL4\SelfTest.uvproj
Project File Date:  07/28/2018

<h2>Output:</h2>
Build target 'STM32F072C8'
creating preprocessor file for stm32f0xx_conf.c...
compiling stm32f0xx_conf.c...
creating preprocessor file for taskScheduler_cfg.c...
compiling taskScheduler_cfg.c...
creating preprocessor file for xio.c...
compiling xio.c...
creating preprocessor file for xprintf.c...
compiling xprintf.c...
creating preprocessor file for taskScheduler.c...
compiling taskScheduler.c...
creating preprocessor file for stm32f0xx_adc.c...
compiling stm32f0xx_adc.c...
creating preprocessor file for stm32f0xx_can.c...
compiling stm32f0xx_can.c...
creating preprocessor file for stm32f0xx_cec.c...
compiling stm32f0xx_cec.c...
creating preprocessor file for stm32f0xx_comp.c...
compiling stm32f0xx_comp.c...
creating preprocessor file for stm32f0xx_crc.c...
compiling stm32f0xx_crc.c...
creating preprocessor file for stm32f0xx_crs.c...
compiling stm32f0xx_crs.c...
creating preprocessor file for stm32f0xx_dac.c...
compiling stm32f0xx_dac.c...
creating preprocessor file for stm32f0xx_dbgmcu.c...
compiling stm32f0xx_dbgmcu.c...
creating preprocessor file for stm32f0xx_dma.c...
compiling stm32f0xx_dma.c...
creating preprocessor file for stm32f0xx_exti.c...
compiling stm32f0xx_exti.c...
creating preprocessor file for stm32f0xx_flash.c...
compiling stm32f0xx_flash.c...
creating preprocessor file for stm32f0xx_gpio.c...
compiling stm32f0xx_gpio.c...
creating preprocessor file for stm32f0xx_i2c.c...
compiling stm32f0xx_i2c.c...
creating preprocessor file for stm32f0xx_iwdg.c...
compiling stm32f0xx_iwdg.c...
creating preprocessor file for stm32f0xx_misc.c...
compiling stm32f0xx_misc.c...
creating preprocessor file for stm32f0xx_pwr.c...
compiling stm32f0xx_pwr.c...
creating preprocessor file for stm32f0xx_rcc.c...
compiling stm32f0xx_rcc.c...
creating preprocessor file for stm32f0xx_rtc.c...
compiling stm32f0xx_rtc.c...
creating preprocessor file for stm32f0xx_spi.c...
compiling stm32f0xx_spi.c...
creating preprocessor file for stm32f0xx_syscfg.c...
compiling stm32f0xx_syscfg.c...
creating preprocessor file for stm32f0xx_tim.c...
compiling stm32f0xx_tim.c...
creating preprocessor file for stm32f0xx_usart.c...
compiling stm32f0xx_usart.c...
creating preprocessor file for stm32f0xx_wwdg.c...
compiling stm32f0xx_wwdg.c...
creating preprocessor file for bsp.c...
compiling bsp.c...
creating preprocessor file for stm32f0xx_it.c...
compiling stm32f0xx_it.c...
creating preprocessor file for system_stm32f0xx.c...
compiling system_stm32f0xx.c...
creating preprocessor file for msp.c...
compiling msp.c...
creating preprocessor file for mDIO.c...
compiling mDIO.c...
creating preprocessor file for main.c...
compiling main.c...
linking...
Program Size: Code=944 RO-data=256 RW-data=28 ZI-data=1028  
FromELF: creating hex file...
"..\..\out\SelfTest.axf" - 0 Error(s), 0 Warning(s).
Build target 'STM32F072C8'
creating preprocessor file for xio.c...
..\..\..\..\040_Libraries\xprintf\src\../inc/xio.h(22): warning:  #14-D: extra text after expected end of preprocessing directive
..\..\..\..\040_Libraries\xprintf\src\../inc/xio.h:   #endif  __XIO_H
..\..\..\..\040_Libraries\xprintf\src\../inc/xio.h:           ^
..\..\..\..\040_Libraries\xprintf\src\../inc/xio.h: ..\..\..\..\040_Libraries\xprintf\src\xio.c: 1 warning, 0 errors
compiling xio.c...
..\..\..\..\040_Libraries\xprintf\src\../inc/xio.h(22): warning:  #14-D: extra text after expected end of preprocessing directive
..\..\..\..\040_Libraries\xprintf\src\../inc/xio.h:   #endif  __XIO_H
..\..\..\..\040_Libraries\xprintf\src\../inc/xio.h:           ^
..\..\..\..\040_Libraries\xprintf\src\xio.c(20): error:  #20: identifier "_CR_CRLF" is undefined
..\..\..\..\040_Libraries\xprintf\src\xio.c:    if (_CR_CRLF && c == '\n') xputc('\r');         /* CR -> CRLF */
..\..\..\..\040_Libraries\xprintf\src\xio.c:        ^
..\..\..\..\040_Libraries\xprintf\src\xio.c(22): error:  #20: identifier "outptr" is undefined
..\..\..\..\040_Libraries\xprintf\src\xio.c:    if (outptr) {           /* Destination is memory */
..\..\..\..\040_Libraries\xprintf\src\xio.c:        ^
..\..\..\..\040_Libraries\xprintf\src\xio.c(26): error:  #20: identifier "xfunc_out" is undefined
..\..\..\..\040_Libraries\xprintf\src\xio.c:    if (xfunc_out) {        /* Destination is device */
..\..\..\..\040_Libraries\xprintf\src\xio.c:        ^
..\..\..\..\040_Libraries\xprintf\src\xio.c: ..\..\..\..\040_Libraries\xprintf\src\xio.c: 1 warning, 3 errors
Target not created
Build target 'STM32F072C8'
creating preprocessor file for xio.c...
compiling xio.c...
..\..\..\..\040_Libraries\xprintf\src\xio.c(20): error:  #20: identifier "_CR_CRLF" is undefined
..\..\..\..\040_Libraries\xprintf\src\xio.c:    if (_CR_CRLF && c == '\n') xputc('\r');         /* CR -> CRLF */
..\..\..\..\040_Libraries\xprintf\src\xio.c:        ^
..\..\..\..\040_Libraries\xprintf\src\xio.c(22): error:  #20: identifier "outptr" is undefined
..\..\..\..\040_Libraries\xprintf\src\xio.c:    if (outptr) {           /* Destination is memory */
..\..\..\..\040_Libraries\xprintf\src\xio.c:        ^
..\..\..\..\040_Libraries\xprintf\src\xio.c(26): error:  #20: identifier "xfunc_out" is undefined
..\..\..\..\040_Libraries\xprintf\src\xio.c:    if (xfunc_out) {        /* Destination is device */
..\..\..\..\040_Libraries\xprintf\src\xio.c:        ^
..\..\..\..\040_Libraries\xprintf\src\xio.c: ..\..\..\..\040_Libraries\xprintf\src\xio.c: 0 warnings, 3 errors
Target not created
Build target 'STM32F072C8'
creating preprocessor file for xio.c...
compiling xio.c...
linking...
Program Size: Code=944 RO-data=256 RW-data=28 ZI-data=1028  
FromELF: creating hex file...
"..\..\out\SelfTest.axf" - 0 Error(s), 0 Warning(s).
Build target 'STM32F072C8'
creating preprocessor file for xio.c...
compiling xio.c...
linking...
Program Size: Code=944 RO-data=256 RW-data=28 ZI-data=1028  
FromELF: creating hex file...
"..\..\out\SelfTest.axf" - 0 Error(s), 0 Warning(s).
Build target 'STM32F072C8'
creating preprocessor file for xio.c...
compiling xio.c...
linking...
Program Size: Code=944 RO-data=256 RW-data=28 ZI-data=1028  
FromELF: creating hex file...
"..\..\out\SelfTest.axf" - 0 Error(s), 0 Warning(s).
Build target 'STM32F072C8'
creating preprocessor file for xio.c...
compiling xio.c...
..\..\..\..\040_Libraries\xprintf\src\xio.c(32): warning:  #174-D: expression has no effect
..\..\..\..\040_Libraries\xprintf\src\xio.c:        xio_cfg_putc(c);    /* Destination is device */
..\..\..\..\040_Libraries\xprintf\src\xio.c:                    ^
..\..\..\..\040_Libraries\xprintf\src\xio.c: ..\..\..\..\040_Libraries\xprintf\src\xio.c: 1 warning, 0 errors
linking...
Program Size: Code=944 RO-data=256 RW-data=28 ZI-data=1028  
FromELF: creating hex file...
"..\..\out\SelfTest.axf" - 0 Error(s), 1 Warning(s).
Build target 'STM32F072C8'
linking...
Program Size: Code=944 RO-data=256 RW-data=28 ZI-data=1028  
FromELF: creating hex file...
"..\..\out\SelfTest.axf" - 0 Error(s), 0 Warning(s).
Build target 'STM32F072C8'
linking...
Program Size: Code=944 RO-data=256 RW-data=28 ZI-data=1028  
FromELF: creating hex file...
"..\..\out\SelfTest.axf" - 0 Error(s), 0 Warning(s).
Build target 'STM32F072C8'
creating preprocessor file for taskScheduler_cfg.c...
compiling taskScheduler_cfg.c...
linking...
Program Size: Code=944 RO-data=256 RW-data=28 ZI-data=1028  
FromELF: creating hex file...
"..\..\out\SelfTest.axf" - 0 Error(s), 0 Warning(s).
Build target 'STM32F072C8'
creating preprocessor file for taskScheduler_cfg.c...
compiling taskScheduler_cfg.c...
linking...
Program Size: Code=1720 RO-data=256 RW-data=32 ZI-data=1024  
FromELF: creating hex file...
"..\..\out\SelfTest.axf" - 0 Error(s), 0 Warning(s).
Build target 'STM32F072C8'
linking...
Program Size: Code=1720 RO-data=256 RW-data=32 ZI-data=1024  
FromELF: creating hex file...
"..\..\out\SelfTest.axf" - 0 Error(s), 0 Warning(s).
Build target 'STM32F072C8'
linking...
Program Size: Code=1720 RO-data=256 RW-data=32 ZI-data=1024  
FromELF: creating hex file...
"..\..\out\SelfTest.axf" - 0 Error(s), 0 Warning(s).
Build target 'STM32F072C8'
linking...
Program Size: Code=1720 RO-data=256 RW-data=32 ZI-data=1024  
FromELF: creating hex file...
"..\..\out\SelfTest.axf" - 0 Error(s), 0 Warning(s).
Build target 'STM32F072C8'
linking...
Program Size: Code=1720 RO-data=256 RW-data=32 ZI-data=1024  
FromELF: creating hex file...
"..\..\out\SelfTest.axf" - 0 Error(s), 0 Warning(s).
Build target 'STM32F072C8'
linking...
Program Size: Code=1720 RO-data=256 RW-data=32 ZI-data=1024  
FromELF: creating hex file...
"..\..\out\SelfTest.axf" - 0 Error(s), 0 Warning(s).
Build target 'STM32F072C8'
creating preprocessor file for msp.c...
compiling msp.c...
..\..\src\msp\msp.c(17): error:  #20: identifier "GPIO_PIN_9" is undefined
..\..\src\msp\msp.c:     GPIO_PinAFConfig(GPIOA, GPIO_PIN_9, GPIO_AF_1);
..\..\src\msp\msp.c:                             ^
..\..\src\msp\msp.c(20): error:  #20: identifier "GPIO_PIN_10" is undefined
..\..\src\msp\msp.c:     GPIO_PinAFConfig(GPIOA, GPIO_PIN_10, GPIO_AF_1);
..\..\src\msp\msp.c:                             ^
..\..\src\msp\msp.c(5): warning:  #177-D: function "msp_initXio" was declared but never referenced
..\..\src\msp\msp.c:   static void msp_initXio(void)
..\..\src\msp\msp.c:               ^
..\..\src\msp\msp.c: ..\..\src\msp\msp.c: 1 warning, 2 errors
Target not created
Build target 'STM32F072C8'
creating preprocessor file for msp.c...
compiling msp.c...
..\..\src\msp\msp.c(23): error:  #20: identifier "GPIO_PIN_9" is undefined
..\..\src\msp\msp.c:     GPIO_InitStructure.GPIO_Pin = GPIO_PIN_9;
..\..\src\msp\msp.c:                                   ^
..\..\src\msp\msp.c(31): error:  #20: identifier "GPIO_PIN_10" is undefined
..\..\src\msp\msp.c:     GPIO_InitStructure.GPIO_Pin = GPIO_PIN_10;
..\..\src\msp\msp.c:                                   ^
..\..\src\msp\msp.c(5): warning:  #177-D: function "msp_initXio" was declared but never referenced
..\..\src\msp\msp.c:   static void msp_initXio(void)
..\..\src\msp\msp.c:               ^
..\..\src\msp\msp.c: ..\..\src\msp\msp.c: 1 warning, 2 errors
Target not created
Build target 'STM32F072C8'
creating preprocessor file for msp.c...
compiling msp.c...
..\..\src\msp\msp.c(5): warning:  #177-D: function "msp_initXio" was declared but never referenced
..\..\src\msp\msp.c:   static void msp_initXio(void)
..\..\src\msp\msp.c:               ^
..\..\src\msp\msp.c: ..\..\src\msp\msp.c: 1 warning, 0 errors
linking...
Program Size: Code=1720 RO-data=256 RW-data=32 ZI-data=1024  
FromELF: creating hex file...
"..\..\out\SelfTest.axf" - 0 Error(s), 1 Warning(s).
Build target 'STM32F072C8'
creating preprocessor file for msp.c...
compiling msp.c...
linking...
Program Size: Code=2484 RO-data=256 RW-data=48 ZI-data=1024  
FromELF: creating hex file...
"..\..\out\SelfTest.axf" - 0 Error(s), 0 Warning(s).
Build target 'STM32F072C8'
linking...
Program Size: Code=2484 RO-data=256 RW-data=48 ZI-data=1024  
FromELF: creating hex file...
"..\..\out\SelfTest.axf" - 0 Error(s), 0 Warning(s).
Build target 'STM32F072C8'
linking...
Program Size: Code=2484 RO-data=256 RW-data=48 ZI-data=1024  
FromELF: creating hex file...
"..\..\out\SelfTest.axf" - 0 Error(s), 0 Warning(s).
Build target 'STM32F072C8'
linking...
Program Size: Code=2484 RO-data=256 RW-data=48 ZI-data=1024  
FromELF: creating hex file...
"..\..\out\SelfTest.axf" - 0 Error(s), 0 Warning(s).
Build target 'STM32F072C8'
linking...
Program Size: Code=2484 RO-data=256 RW-data=48 ZI-data=1024  
FromELF: creating hex file...
"..\..\out\SelfTest.axf" - 0 Error(s), 0 Warning(s).
Build target 'STM32F072C8'
linking...
Program Size: Code=2484 RO-data=256 RW-data=48 ZI-data=1024  
FromELF: creating hex file...
"..\..\out\SelfTest.axf" - 0 Error(s), 0 Warning(s).
Build target 'STM32F072C8'
linking...
Program Size: Code=2484 RO-data=256 RW-data=48 ZI-data=1024  
FromELF: creating hex file...
"..\..\out\SelfTest.axf" - 0 Error(s), 0 Warning(s).
Build target 'STM32F072C8'
creating preprocessor file for taskScheduler_cfg.c...
compiling taskScheduler_cfg.c...
linking...
Program Size: Code=2480 RO-data=256 RW-data=48 ZI-data=1024  
FromELF: creating hex file...
"..\..\out\SelfTest.axf" - 0 Error(s), 0 Warning(s).
Build target 'STM32F072C8'
linking...
Program Size: Code=2480 RO-data=256 RW-data=48 ZI-data=1024  
FromELF: creating hex file...
"..\..\out\SelfTest.axf" - 0 Error(s), 0 Warning(s).
Build target 'STM32F072C8'
creating preprocessor file for taskScheduler_cfg.c...
compiling taskScheduler_cfg.c...
creating preprocessor file for xio_cfg.c...
compiling xio_cfg.c...
creating preprocessor file for xio.c...
compiling xio.c...
linking...
Program Size: Code=2492 RO-data=256 RW-data=48 ZI-data=1024  
FromELF: creating hex file...
"..\..\out\SelfTest.axf" - 0 Error(s), 0 Warning(s).
Build target 'STM32F072C8'
linking...
Program Size: Code=2492 RO-data=256 RW-data=48 ZI-data=1024  
FromELF: creating hex file...
"..\..\out\SelfTest.axf" - 0 Error(s), 0 Warning(s).
Build target 'STM32F072C8'
creating preprocessor file for msp.c...
compiling msp.c...
linking...
Program Size: Code=2492 RO-data=256 RW-data=48 ZI-data=1024  
FromELF: creating hex file...
"..\..\out\SelfTest.axf" - 0 Error(s), 0 Warning(s).
Build target 'STM32F072C8'
creating preprocessor file for xio_cfg.c...
compiling xio_cfg.c...
creating preprocessor file for msp.c...
compiling msp.c...
creating preprocessor file for main.c...
compiling main.c...
linking...
Program Size: Code=2552 RO-data=256 RW-data=48 ZI-data=1024  
FromELF: creating hex file...
"..\..\out\SelfTest.axf" - 0 Error(s), 0 Warning(s).
Build target 'STM32F072C8'
linking...
Program Size: Code=2552 RO-data=256 RW-data=48 ZI-data=1024  
FromELF: creating hex file...
"..\..\out\SelfTest.axf" - 0 Error(s), 0 Warning(s).
Build target 'STM32F072C8'
creating preprocessor file for stm32f0xx_conf.c...
compiling stm32f0xx_conf.c...
creating preprocessor file for taskScheduler_cfg.c...
compiling taskScheduler_cfg.c...
creating preprocessor file for xio_cfg.c...
compiling xio_cfg.c...
creating preprocessor file for xio.c...
compiling xio.c...
creating preprocessor file for taskScheduler.c...
compiling taskScheduler.c...
assembling startup_stm32f072.s...
creating preprocessor file for stm32f0xx_adc.c...
compiling stm32f0xx_adc.c...
creating preprocessor file for stm32f0xx_can.c...
compiling stm32f0xx_can.c...
creating preprocessor file for stm32f0xx_cec.c...
compiling stm32f0xx_cec.c...
creating preprocessor file for stm32f0xx_comp.c...
compiling stm32f0xx_comp.c...
creating preprocessor file for stm32f0xx_crc.c...
compiling stm32f0xx_crc.c...
creating preprocessor file for stm32f0xx_crs.c...
compiling stm32f0xx_crs.c...
creating preprocessor file for stm32f0xx_dac.c...
compiling stm32f0xx_dac.c...
creating preprocessor file for stm32f0xx_dbgmcu.c...
compiling stm32f0xx_dbgmcu.c...
creating preprocessor file for stm32f0xx_dma.c...
compiling stm32f0xx_dma.c...
creating preprocessor file for stm32f0xx_exti.c...
compiling stm32f0xx_exti.c...
creating preprocessor file for stm32f0xx_flash.c...
compiling stm32f0xx_flash.c...
creating preprocessor file for stm32f0xx_gpio.c...
compiling stm32f0xx_gpio.c...
creating preprocessor file for stm32f0xx_i2c.c...
compiling stm32f0xx_i2c.c...
creating preprocessor file for stm32f0xx_iwdg.c...
compiling stm32f0xx_iwdg.c...
creating preprocessor file for stm32f0xx_misc.c...
compiling stm32f0xx_misc.c...
creating preprocessor file for stm32f0xx_pwr.c...
compiling stm32f0xx_pwr.c...
creating preprocessor file for stm32f0xx_rcc.c...
compiling stm32f0xx_rcc.c...
creating preprocessor file for stm32f0xx_rtc.c...
compiling stm32f0xx_rtc.c...
creating preprocessor file for stm32f0xx_spi.c...
compiling stm32f0xx_spi.c...
creating preprocessor file for stm32f0xx_syscfg.c...
compiling stm32f0xx_syscfg.c...
creating preprocessor file for stm32f0xx_tim.c...
compiling stm32f0xx_tim.c...
creating preprocessor file for stm32f0xx_usart.c...
compiling stm32f0xx_usart.c...
creating preprocessor file for stm32f0xx_wwdg.c...
compiling stm32f0xx_wwdg.c...
creating preprocessor file for bsp.c...
compiling bsp.c...
creating preprocessor file for stm32f0xx_it.c...
compiling stm32f0xx_it.c...
creating preprocessor file for system_stm32f0xx.c...
compiling system_stm32f0xx.c...
creating preprocessor file for msp.c...
compiling msp.c...
creating preprocessor file for mDIO.c...
compiling mDIO.c...
creating preprocessor file for main.c...
compiling main.c...
linking...
Program Size: Code=2552 RO-data=256 RW-data=48 ZI-data=1024  
FromELF: creating hex file...
"..\..\out\SelfTest.axf" - 0 Error(s), 0 Warning(s).
Build target 'STM32F072C8'
creating preprocessor file for taskScheduler_cfg.c...
compiling taskScheduler_cfg.c...
linking...
Program Size: Code=2556 RO-data=256 RW-data=48 ZI-data=1024  
FromELF: creating hex file...
"..\..\out\SelfTest.axf" - 0 Error(s), 0 Warning(s).
Build target 'STM32F072C8'
linking...
Program Size: Code=2556 RO-data=256 RW-data=48 ZI-data=1024  
FromELF: creating hex file...
"..\..\out\SelfTest.axf" - 0 Error(s), 0 Warning(s).
Build target 'STM32F072C8'
linking...
Program Size: Code=2556 RO-data=256 RW-data=48 ZI-data=1024  
FromELF: creating hex file...
"..\..\out\SelfTest.axf" - 0 Error(s), 0 Warning(s).
Build target 'STM32F072C8'
creating preprocessor file for stm32f0xx_conf.c...
compiling stm32f0xx_conf.c...
creating preprocessor file for taskScheduler_cfg.c...
compiling taskScheduler_cfg.c...
creating preprocessor file for xio_cfg.c...
compiling xio_cfg.c...
creating preprocessor file for xio.c...
compiling xio.c...
creating preprocessor file for taskScheduler.c...
compiling taskScheduler.c...
assembling startup_stm32f072.s...
creating preprocessor file for stm32f0xx_adc.c...
compiling stm32f0xx_adc.c...
creating preprocessor file for stm32f0xx_can.c...
compiling stm32f0xx_can.c...
creating preprocessor file for stm32f0xx_cec.c...
compiling stm32f0xx_cec.c...
creating preprocessor file for stm32f0xx_comp.c...
compiling stm32f0xx_comp.c...
creating preprocessor file for stm32f0xx_crc.c...
compiling stm32f0xx_crc.c...
creating preprocessor file for stm32f0xx_crs.c...
compiling stm32f0xx_crs.c...
creating preprocessor file for stm32f0xx_dac.c...
compiling stm32f0xx_dac.c...
creating preprocessor file for stm32f0xx_dbgmcu.c...
compiling stm32f0xx_dbgmcu.c...
creating preprocessor file for stm32f0xx_dma.c...
compiling stm32f0xx_dma.c...
creating preprocessor file for stm32f0xx_exti.c...
compiling stm32f0xx_exti.c...
creating preprocessor file for stm32f0xx_flash.c...
compiling stm32f0xx_flash.c...
creating preprocessor file for stm32f0xx_gpio.c...
compiling stm32f0xx_gpio.c...
creating preprocessor file for stm32f0xx_i2c.c...
compiling stm32f0xx_i2c.c...
creating preprocessor file for stm32f0xx_iwdg.c...
compiling stm32f0xx_iwdg.c...
creating preprocessor file for stm32f0xx_misc.c...
compiling stm32f0xx_misc.c...
creating preprocessor file for stm32f0xx_pwr.c...
compiling stm32f0xx_pwr.c...
creating preprocessor file for stm32f0xx_rcc.c...
compiling stm32f0xx_rcc.c...
creating preprocessor file for stm32f0xx_rtc.c...
compiling stm32f0xx_rtc.c...
creating preprocessor file for stm32f0xx_spi.c...
compiling stm32f0xx_spi.c...
creating preprocessor file for stm32f0xx_syscfg.c...
compiling stm32f0xx_syscfg.c...
creating preprocessor file for stm32f0xx_tim.c...
compiling stm32f0xx_tim.c...
creating preprocessor file for stm32f0xx_usart.c...
compiling stm32f0xx_usart.c...
creating preprocessor file for stm32f0xx_wwdg.c...
compiling stm32f0xx_wwdg.c...
creating preprocessor file for bsp.c...
compiling bsp.c...
creating preprocessor file for stm32f0xx_it.c...
compiling stm32f0xx_it.c...
creating preprocessor file for system_stm32f0xx.c...
compiling system_stm32f0xx.c...
creating preprocessor file for msp.c...
compiling msp.c...
creating preprocessor file for mDIO.c...
compiling mDIO.c...
creating preprocessor file for main.c...
compiling main.c...
linking...
Program Size: Code=2560 RO-data=256 RW-data=48 ZI-data=1024  
FromELF: creating hex file...
"..\..\out\SelfTest.axf" - 0 Error(s), 0 Warning(s).
Build target 'STM32F072C8'
creating preprocessor file for taskScheduler_cfg.c...
compiling taskScheduler_cfg.c...
linking...
Program Size: Code=2556 RO-data=256 RW-data=48 ZI-data=1024  
FromELF: creating hex file...
"..\..\out\SelfTest.axf" - 0 Error(s), 0 Warning(s).
Build target 'STM32F072C8'
creating preprocessor file for msp.c...
compiling msp.c...
linking...
Program Size: Code=2556 RO-data=256 RW-data=48 ZI-data=1024  
FromELF: creating hex file...
"..\..\out\SelfTest.axf" - 0 Error(s), 0 Warning(s).
Build target 'STM32F072C8'
creating preprocessor file for taskScheduler_cfg.c...
compiling taskScheduler_cfg.c...
creating preprocessor file for xio_cfg.c...
compiling xio_cfg.c...
creating preprocessor file for stm32f0xx_it.c...
compiling stm32f0xx_it.c...
creating preprocessor file for msp.c...
compiling msp.c...
creating preprocessor file for main.c...
compiling main.c...
linking...
Program Size: Code=2568 RO-data=256 RW-data=52 ZI-data=1028  
FromELF: creating hex file...
"..\..\out\SelfTest.axf" - 0 Error(s), 0 Warning(s).
Build target 'STM32F072C8'
creating preprocessor file for taskScheduler_cfg.c...
compiling taskScheduler_cfg.c...
linking...
Program Size: Code=2580 RO-data=256 RW-data=52 ZI-data=1028  
FromELF: creating hex file...
"..\..\out\SelfTest.axf" - 0 Error(s), 0 Warning(s).
Build target 'STM32F072C8'
creating preprocessor file for taskScheduler_cfg.c...
compiling taskScheduler_cfg.c...
linking...
Program Size: Code=2608 RO-data=256 RW-data=52 ZI-data=1028  
FromELF: creating hex file...
"..\..\out\SelfTest.axf" - 0 Error(s), 0 Warning(s).
Build target 'STM32F072C8'
linking...
Program Size: Code=2608 RO-data=256 RW-data=52 ZI-data=1028  
FromELF: creating hex file...
"..\..\out\SelfTest.axf" - 0 Error(s), 0 Warning(s).
Build target 'STM32F072C8'
linking...
Program Size: Code=2608 RO-data=256 RW-data=52 ZI-data=1028  
FromELF: creating hex file...
"..\..\out\SelfTest.axf" - 0 Error(s), 0 Warning(s).
Build target 'STM32F072C8'
linking...
Program Size: Code=2608 RO-data=256 RW-data=52 ZI-data=1028  
FromELF: creating hex file...
"..\..\out\SelfTest.axf" - 0 Error(s), 0 Warning(s).
Build target 'STM32F072C8'
creating preprocessor file for stm32f0xx_conf.c...
compiling stm32f0xx_conf.c...
creating preprocessor file for taskScheduler_cfg.c...
compiling taskScheduler_cfg.c...
creating preprocessor file for xio_cfg.c...
compiling xio_cfg.c...
creating preprocessor file for xio.c...
compiling xio.c...
creating preprocessor file for taskScheduler.c...
compiling taskScheduler.c...
assembling startup_stm32f072.s...
creating preprocessor file for stm32f0xx_adc.c...
compiling stm32f0xx_adc.c...
creating preprocessor file for stm32f0xx_can.c...
compiling stm32f0xx_can.c...
creating preprocessor file for stm32f0xx_cec.c...
compiling stm32f0xx_cec.c...
creating preprocessor file for stm32f0xx_comp.c...
compiling stm32f0xx_comp.c...
creating preprocessor file for stm32f0xx_crc.c...
compiling stm32f0xx_crc.c...
creating preprocessor file for stm32f0xx_crs.c...
compiling stm32f0xx_crs.c...
creating preprocessor file for stm32f0xx_dac.c...
compiling stm32f0xx_dac.c...
creating preprocessor file for stm32f0xx_dbgmcu.c...
compiling stm32f0xx_dbgmcu.c...
creating preprocessor file for stm32f0xx_dma.c...
compiling stm32f0xx_dma.c...
creating preprocessor file for stm32f0xx_exti.c...
compiling stm32f0xx_exti.c...
creating preprocessor file for stm32f0xx_flash.c...
compiling stm32f0xx_flash.c...
creating preprocessor file for stm32f0xx_gpio.c...
compiling stm32f0xx_gpio.c...
creating preprocessor file for stm32f0xx_i2c.c...
compiling stm32f0xx_i2c.c...
creating preprocessor file for stm32f0xx_iwdg.c...
compiling stm32f0xx_iwdg.c...
creating preprocessor file for stm32f0xx_misc.c...
compiling stm32f0xx_misc.c...
creating preprocessor file for stm32f0xx_pwr.c...
compiling stm32f0xx_pwr.c...
creating preprocessor file for stm32f0xx_rcc.c...
compiling stm32f0xx_rcc.c...
creating preprocessor file for stm32f0xx_rtc.c...
compiling stm32f0xx_rtc.c...
creating preprocessor file for stm32f0xx_spi.c...
compiling stm32f0xx_spi.c...
creating preprocessor file for stm32f0xx_syscfg.c...
compiling stm32f0xx_syscfg.c...
creating preprocessor file for stm32f0xx_tim.c...
compiling stm32f0xx_tim.c...
creating preprocessor file for stm32f0xx_usart.c...
compiling stm32f0xx_usart.c...
creating preprocessor file for stm32f0xx_wwdg.c...
compiling stm32f0xx_wwdg.c...
creating preprocessor file for bsp.c...
compiling bsp.c...
creating preprocessor file for stm32f0xx_it.c...
compiling stm32f0xx_it.c...
creating preprocessor file for system_stm32f0xx.c...
compiling system_stm32f0xx.c...
creating preprocessor file for msp.c...
compiling msp.c...
creating preprocessor file for mDIO.c...
compiling mDIO.c...
creating preprocessor file for main.c...
compiling main.c...
linking...
Program Size: Code=2608 RO-data=256 RW-data=52 ZI-data=1028  
FromELF: creating hex file...
"..\..\out\SelfTest.axf" - 0 Error(s), 0 Warning(s).
